To honour the JVM settings for this build a single-use Daemon process will be forked. For more on this, please refer to https://docs.gradle.org/8.11.1/userguide/gradle_daemon.html#sec:disabling_the_daemon in the Gradle documentation.
Daemon will be stopped at the end of the build 
> Task :app:checkKotlinGradlePluginConfigurationErrors SKIPPED
> Task :app:preBuild UP-TO-DATE
> Task :app:preReleaseBuild UP-TO-DATE
> Task :app:generateReleaseBuildConfig UP-TO-DATE
> Task :app:checkReleaseAarMetadata UP-TO-DATE
> Task :app:generateReleaseResValues UP-TO-DATE
> Task :app:mapReleaseSourceSetPaths UP-TO-DATE
> Task :app:generateReleaseResources UP-TO-DATE
> Task :app:mergeReleaseResources UP-TO-DATE
> Task :app:packageReleaseResources UP-TO-DATE
> Task :app:parseReleaseLocalResources UP-TO-DATE
> Task :app:createReleaseCompatibleScreenManifests UP-TO-DATE
> Task :app:extractDeepLinksRelease UP-TO-DATE
> Task :app:processReleaseMainManifest UP-TO-DATE
> Task :app:processReleaseManifest UP-TO-DATE
> Task :app:processReleaseManifestForPackage UP-TO-DATE
> Task :app:processReleaseResources UP-TO-DATE

> Task :app:compileReleaseKotlin
w: file:///home/ubuntu/workspace/MCC-Droid/app/src/main/java/app/mccdroid/core/McService.kt:41:29 'fun stopForeground(p0: Boolean): Unit' is deprecated. Deprecated in Java.
w: file:///home/ubuntu/workspace/MCC-Droid/app/src/main/java/app/mccdroid/ui/screens/AiScreen.kt:122:65 'val Icons.Rounded.ArrowBack: ImageVector' is deprecated. Use the AutoMirrored version at Icons.AutoMirrored.Rounded.ArrowBack.
w: file:///home/ubuntu/workspace/MCC-Droid/app/src/main/java/app/mccdroid/ui/screens/AiScreen.kt:183:40 'val Icons.Rounded.Send: ImageVector' is deprecated. Use the AutoMirrored version at Icons.AutoMirrored.Rounded.Send.
w: file:///home/ubuntu/workspace/MCC-Droid/app/src/main/java/app/mccdroid/ui/screens/ConsoleScreen.kt:463:131 'val Icons.Rounded.Send: ImageVector' is deprecated. Use the AutoMirrored version at Icons.AutoMirrored.Rounded.Send.
w: file:///home/ubuntu/workspace/MCC-Droid/app/src/main/java/app/mccdroid/ui/screens/FilesScreen.kt:120:65 'val Icons.Rounded.ArrowBack: ImageVector' is deprecated. Use the AutoMirrored version at Icons.AutoMirrored.Rounded.ArrowBack.
w: file:///home/ubuntu/workspace/MCC-Droid/app/src/main/java/app/mccdroid/ui/screens/FilesScreen.kt:121:75 'val Icons.Rounded.NoteAdd: ImageVector' is deprecated. Use the AutoMirrored version at Icons.AutoMirrored.Rounded.NoteAdd.
w: file:///home/ubuntu/workspace/MCC-Droid/app/src/main/java/app/mccdroid/ui/screens/ModsScreen.kt:99:75 'val Icons.Rounded.ArrowBack: ImageVector' is deprecated. Use the AutoMirrored version at Icons.AutoMirrored.Rounded.ArrowBack.
w: file:///home/ubuntu/workspace/MCC-Droid/app/src/main/java/app/mccdroid/ui/screens/NotificationsScreen.kt:59:75 'val Icons.Rounded.ArrowBack: ImageVector' is deprecated. Use the AutoMirrored version at Icons.AutoMirrored.Rounded.ArrowBack.
w: file:///home/ubuntu/workspace/MCC-Droid/app/src/main/java/app/mccdroid/ui/screens/SettingsScreen.kt:85:75 'val Icons.Rounded.ArrowBack: ImageVector' is deprecated. Use the AutoMirrored version at Icons.AutoMirrored.Rounded.ArrowBack.

BUILD SUCCESSFUL in 40s
15 actionable tasks: 1 executed, 14 up-to-date
